Archive member included to satisfy reference by file (symbol)

E:/ST/STM32CubeIDE_1.16.0/STM32CubeIDE/plugins/com.st.stm32cube.ide.mcu.externaltools.gnu-tools-for-stm32.12.3.rel1.win32_1.0.200.202406191623/tools/bin/../lib/gcc/arm-none-eabi/12.3.1/../../../../arm-none-eabi/lib/thumb/v7-m/nofp\libc_nano.a(libc_a-exit.o)
                              E:/ST/STM32CubeIDE_1.16.0/STM32CubeIDE/plugins/com.st.stm32cube.ide.mcu.externaltools.gnu-tools-for-stm32.12.3.rel1.win32_1.0.200.202406191623/tools/bin/../lib/gcc/arm-none-eabi/12.3.1/../../../../arm-none-eabi/lib/thumb/v7-m/nofp/crt0.o (exit)
E:/ST/STM32CubeIDE_1.16.0/STM32CubeIDE/plugins/com.st.stm32cube.ide.mcu.externaltools.gnu-tools-for-stm32.12.3.rel1.win32_1.0.200.202406191623/tools/bin/../lib/gcc/arm-none-eabi/12.3.1/../../../../arm-none-eabi/lib/thumb/v7-m/nofp\libc_nano.a(libc_a-findfp.o)
                              E:/ST/STM32CubeIDE_1.16.0/STM32CubeIDE/plugins/com.st.stm32cube.ide.mcu.externaltools.gnu-tools-for-stm32.12.3.rel1.win32_1.0.200.202406191623/tools/bin/../lib/gcc/arm-none-eabi/12.3.1/../../../../arm-none-eabi/lib/thumb/v7-m/nofp\libc_nano.a(libc_a-exit.o) (__stdio_exit_handler)
E:/ST/STM32CubeIDE_1.16.0/STM32CubeIDE/plugins/com.st.stm32cube.ide.mcu.externaltools.gnu-tools-for-stm32.12.3.rel1.win32_1.0.200.202406191623/tools/bin/../lib/gcc/arm-none-eabi/12.3.1/../../../../arm-none-eabi/lib/thumb/v7-m/nofp\libc_nano.a(libc_a-fwalk.o)
                              E:/ST/STM32CubeIDE_1.16.0/STM32CubeIDE/plugins/com.st.stm32cube.ide.mcu.externaltools.gnu-tools-for-stm32.12.3.rel1.win32_1.0.200.202406191623/tools/bin/../lib/gcc/arm-none-eabi/12.3.1/../../../../arm-none-eabi/lib/thumb/v7-m/nofp\libc_nano.a(libc_a-findfp.o) (_fwalk_sglue)
E:/ST/STM32CubeIDE_1.16.0/STM32CubeIDE/plugins/com.st.stm32cube.ide.mcu.externaltools.gnu-tools-for-stm32.12.3.rel1.win32_1.0.200.202406191623/tools/bin/../lib/gcc/arm-none-eabi/12.3.1/../../../../arm-none-eabi/lib/thumb/v7-m/nofp\libc_nano.a(libc_a-stdio.o)
                              E:/ST/STM32CubeIDE_1.16.0/STM32CubeIDE/plugins/com.st.stm32cube.ide.mcu.externaltools.gnu-tools-for-stm32.12.3.rel1.win32_1.0.200.202406191623/tools/bin/../lib/gcc/arm-none-eabi/12.3.1/../../../../arm-none-eabi/lib/thumb/v7-m/nofp\libc_nano.a(libc_a-findfp.o) (__sread)
E:/ST/STM32CubeIDE_1.16.0/STM32CubeIDE/plugins/com.st.stm32cube.ide.mcu.externaltools.gnu-tools-for-stm32.12.3.rel1.win32_1.0.200.202406191623/tools/bin/../lib/gcc/arm-none-eabi/12.3.1/../../../../arm-none-eabi/lib/thumb/v7-m/nofp\libc_nano.a(libc_a-memset.o)
                              E:/ST/STM32CubeIDE_1.16.0/STM32CubeIDE/plugins/com.st.stm32cube.ide.mcu.externaltools.gnu-tools-for-stm32.12.3.rel1.win32_1.0.200.202406191623/tools/bin/../lib/gcc/arm-none-eabi/12.3.1/../../../../arm-none-eabi/lib/thumb/v7-m/nofp/crt0.o (memset)
E:/ST/STM32CubeIDE_1.16.0/STM32CubeIDE/plugins/com.st.stm32cube.ide.mcu.externaltools.gnu-tools-for-stm32.12.3.rel1.win32_1.0.200.202406191623/tools/bin/../lib/gcc/arm-none-eabi/12.3.1/../../../../arm-none-eabi/lib/thumb/v7-m/nofp\libc_nano.a(libc_a-closer.o)
                              E:/ST/STM32CubeIDE_1.16.0/STM32CubeIDE/plugins/com.st.stm32cube.ide.mcu.externaltools.gnu-tools-for-stm32.12.3.rel1.win32_1.0.200.202406191623/tools/bin/../lib/gcc/arm-none-eabi/12.3.1/../../../../arm-none-eabi/lib/thumb/v7-m/nofp\libc_nano.a(libc_a-stdio.o) (_close_r)
E:/ST/STM32CubeIDE_1.16.0/STM32CubeIDE/plugins/com.st.stm32cube.ide.mcu.externaltools.gnu-tools-for-stm32.12.3.rel1.win32_1.0.200.202406191623/tools/bin/../lib/gcc/arm-none-eabi/12.3.1/../../../../arm-none-eabi/lib/thumb/v7-m/nofp\libc_nano.a(libc_a-reent.o)
                              E:/ST/STM32CubeIDE_1.16.0/STM32CubeIDE/plugins/com.st.stm32cube.ide.mcu.externaltools.gnu-tools-for-stm32.12.3.rel1.win32_1.0.200.202406191623/tools/bin/../lib/gcc/arm-none-eabi/12.3.1/../../../../arm-none-eabi/lib/thumb/v7-m/nofp\libc_nano.a(libc_a-closer.o) (errno)
E:/ST/STM32CubeIDE_1.16.0/STM32CubeIDE/plugins/com.st.stm32cube.ide.mcu.externaltools.gnu-tools-for-stm32.12.3.rel1.win32_1.0.200.202406191623/tools/bin/../lib/gcc/arm-none-eabi/12.3.1/../../../../arm-none-eabi/lib/thumb/v7-m/nofp\libc_nano.a(libc_a-impure.o)
                              E:/ST/STM32CubeIDE_1.16.0/STM32CubeIDE/plugins/com.st.stm32cube.ide.mcu.externaltools.gnu-tools-for-stm32.12.3.rel1.win32_1.0.200.202406191623/tools/bin/../lib/gcc/arm-none-eabi/12.3.1/../../../../arm-none-eabi/lib/thumb/v7-m/nofp\libc_nano.a(libc_a-reent.o) (_impure_ptr)
E:/ST/STM32CubeIDE_1.16.0/STM32CubeIDE/plugins/com.st.stm32cube.ide.mcu.externaltools.gnu-tools-for-stm32.12.3.rel1.win32_1.0.200.202406191623/tools/bin/../lib/gcc/arm-none-eabi/12.3.1/../../../../arm-none-eabi/lib/thumb/v7-m/nofp\libc_nano.a(libc_a-lseekr.o)
[...]
Memory Configuration

Name             Origin             Length             Attributes
RAM              0x20000000         0x00002800         xrw
FLASH            0x08000000         0x00008000         xr
*default*        0x00000000         0xffffffff

Linker script and memory map

LOAD E:/ST/STM32CubeIDE_1.16.0/STM32CubeIDE/plugins/com.st.stm32cube.ide.mcu.externaltools.gnu-tools-for-stm32.12.3.rel1.win32_1.0.200.202406191623/tools/bin/../lib/gcc/arm-none-eabi/12.3.1/thumb/v7-m/nofp/crti.o
LOAD E:/ST/STM32CubeIDE_1.16.0/STM32CubeIDE/plugins/com.st.stm32cube.ide.mcu.externaltools.gnu-tools-for-stm32.12.3.rel1.win32_1.0.200.202406191623/tools/bin/../lib/gcc/arm-none-eabi/12.3.1/thumb/v7-m/nofp/crtbegin.o
LOAD E:/ST/STM32CubeIDE_1.16.0/STM32CubeIDE/plugins/com.st.stm32cube.ide.mcu.externaltools.gnu-tools-for-stm32.12.3.rel1.win32_1.0.200.202406191623/tools/bin/../lib/gcc/arm-none-eabi/12.3.1/../../../../arm-none-eabi/lib/thumb/v7-m/nofp/crt0.o
LOAD ./Core/Src/LAB1_EX0.o
LOAD ./Core/Src/LAB1_EX1.o
LOAD ./Core/Src/LAB1_EX2.o
LOAD ./Core/Src/LAB1_EX3.o
LOAD ./Core/Src/LAB1_EX4.o
LOAD ./Core/Src/LAB1_EX5.o
LOAD ./Core/Src/LAB1_EX6.o
LOAD ./Core/Src/main.o
LOAD ./Core/Src/stm32f1xx_hal_msp.o
LOAD ./Core/Src/stm32f1xx_it.o
LOAD ./Core/Src/syscalls.o
LOAD ./Core/Src/sysmem.o
LOAD ./Core/Src/system_stm32f1xx.o
LOAD ./Core/Startup/startup_stm32f103c6ux.o
LOAD ./Drivers/STM32F1xx_HAL_Driver/Src/stm32f1xx_hal.o
LOAD ./Drivers/STM32F1xx_HAL_Driver/Src/stm32f1xx_hal_cortex.o
LOAD ./Drivers/STM32F1xx_HAL_Driver/Src/stm32f1xx_hal_dma.o
LOAD ./Drivers/STM32F1xx_HAL_Driver/Src/stm32f1xx_hal_exti.o
LOAD ./Drivers/STM32F1xx_HAL_Driver/Src/stm32f1xx_hal_flash.o
LOAD ./Drivers/STM32F1xx_HAL_Driver/Src/stm32f1xx_hal_flash_ex.o
LOAD ./Drivers/STM32F1xx_HAL_Driver/Src/stm32f1xx_hal_gpio.o
LOAD ./Drivers/STM32F1xx_HAL_Driver/Src/stm32f1xx_hal_gpio_ex.o
LOAD ./Drivers/STM32F1xx_HAL_Driver/Src/stm32f1xx_hal_pwr.o
LOAD ./Drivers/STM32F1xx_HAL_Driver/Src/stm32f1xx_hal_rcc.o
LOAD ./Drivers/STM32F1xx_HAL_Driver/Src/stm32f1xx_hal_rcc_ex.o
START GROUP
LOAD E:/ST/STM32CubeIDE_1.16.0/STM32CubeIDE/plugins/com.st.stm32cube.ide.mcu.externaltools.gnu-tools-for-stm32.12.3.rel1.win32_1.0.200.202406191623/tools/bin/../lib/gcc/arm-none-eabi/12.3.1/../../../../arm-none-eabi/lib/thumb/v7-m/nofp\libc_nano.a
LOAD E:/ST/STM32CubeIDE_1.16.0/STM32CubeIDE/plugins/com.st.stm32cube.ide.mcu.externaltools.gnu-tools-for-stm32.12.3.rel1.win32_1.0.200.202406191623/tools/bin/../lib/gcc/arm-none-eabi/12.3.1/../../../../arm-none-eabi/lib/thumb/v7-m/nofp\libm.a
END GROUP
START GROUP
LOAD E:/ST/STM32CubeIDE_1.16.0/STM32CubeIDE/plugins/com.st.stm32cube.ide.mcu.externaltools.gnu-tools-for-stm32.12.3.rel1.win32_1.0.200.202406191623/tools/bin/../lib/gcc/arm-none-eabi/12.3.1/thumb/v7-m/nofp\libgcc.a
LOAD E:/ST/STM32CubeIDE_1.16.0/STM32CubeIDE/plugins/com.st.stm32cube.ide.mcu.externaltools.gnu-tools-for-stm32.12.3.rel1.win32_1.0.200.202406191623/tools/bin/../lib/gcc/arm-none-eabi/12.3.1/../../../../arm-none-eabi/lib/thumb/v7-m/nofp\libc_nano.a
END GROUP
START GROUP
LOAD E:/ST/STM32CubeIDE_1.16.0/STM32CubeIDE/plugins/com.st.stm32cube.ide.mcu.externaltools.gnu-tools-for-stm32.12.3.rel1.win32_1.0.200.202406191623/tools/bin/../lib/gcc/arm-none-eabi/12.3.1/thumb/v7-m/nofp\libgcc.a
LOAD E:/ST/STM32CubeIDE_1.16.0/STM32CubeIDE/plugins/com.st.stm32cube.ide.mcu.externaltools.gnu-tools-for-stm32.12.3.rel1.win32_1.0.200.202406191623/tools/bin/../lib/gcc/arm-none-eabi/12.3.1/../../../../arm-none-eabi/lib/thumb/v7-m/nofp\libc_nano.a
LOAD E:/ST/STM32CubeIDE_1.16.0/STM32CubeIDE/plugins/com.st.stm32cube.ide.mcu.externaltools.gnu-tools-for-stm32.12.3.rel1.win32_1.0.200.202406191623/tools/bin/../lib/gcc/arm-none-eabi/12.3.1/../../../../arm-none-eabi/lib/thumb/v7-m/nofp\libnosys.a
END GROUP
START GROUP
LOAD E:/ST/STM32CubeIDE_1.16.0/STM32CubeIDE/plugins/com.st.stm32cube.ide.mcu.externaltools.gnu-tools-for-stm32.12.3.rel1.win32_1.0.200.202406191623/tools/bin/../lib/gcc/arm-none-eabi/12.3.1/thumb/v7-m/nofp\libgcc.a
LOAD E:/ST/STM32CubeIDE_1.16.0/STM32CubeIDE/plugins/com.st.stm32cube.ide.mcu.externaltools.gnu-tools-for-stm32.12.3.rel1.win32_1.0.200.202406191623/tools/bin/../lib/gcc/arm-none-eabi/12.3.1/../../../../arm-none-eabi/lib/thumb/v7-m/nofp\libc_nano.a
LOAD E:/ST/STM32CubeIDE_1.16.0/STM32CubeIDE/plugins/com.st.stm32cube.ide.mcu.externaltools.gnu-tools-for-stm32.12.3.rel1.win32_1.0.200.202406191623/tools/bin/../lib/gcc/arm-none-eabi/12.3.1/../../../../arm-none-eabi/lib/thumb/v7-m/nofp\libnosys.a
END GROUP
LOAD E:/ST/STM32CubeIDE_1.16.0/STM32CubeIDE/plugins/com.st.stm32cube.ide.mcu.externaltools.gnu-tools-for-stm32.12.3.rel1.win32_1.0.200.202406191623/tools/bin/../lib/gcc/arm-none-eabi/12.3.1/thumb/v7-m/nofp/crtend.o
LOAD E:/ST/STM32CubeIDE_1.16.0/STM32CubeIDE/plugins/com.st.stm32cube.ide.mcu.externaltools.gnu-tools-for-stm32.12.3.rel1.win32_1.0.200.202406191623/tools/bin/../lib/gcc/arm-none-eabi/12.3.1/thumb/v7-m/nofp/crtn.o
                0x20002800                        _estack = (ORIGIN (RAM) + LENGTH (RAM))
                0x00000200                        _Min_Heap_Size = 0x200
                0x00000400                        _Min_Stack_Size = 0x400

.isr_vector     0x08000000      0x10c
                0x08000000                        . = ALIGN (0x4)
 *(.isr_vector)
 .isr_vector    0x08000000      0x10c ./Core/Startup/startup_stm32f103c6ux.o
                0x08000000                g_pfnVectors
                0x0800010c                        . = ALIGN (0x4)

.text           0x0800010c     0x1270
                0x0800010c                        . = ALIGN (0x4)
 *(.text)
 .text          0x0800010c       0x40 E:/ST/STM32CubeIDE_1.16.0/STM32CubeIDE/plugins/com.st.stm32cube.ide.mcu.externaltools.gnu-tools-for-stm32.12.3.rel1.win32_1.0.200.202406191623/tools/bin/../lib/gcc/arm-none-eabi/12.3.1/thumb/v7-m/nofp/crtbegin.o
 *(.text*)
 .text.GPIO_INIT_LAB1_EX0
                0x0800014c       0x58 ./Core/Src/LAB1_EX0.o
                0x0800014c                GPIO_INIT_LAB1_EX0
 .text.EXECUTE_LAB1_EX0
                0x080001a4       0x14 ./Core/Src/LAB1_EX0.o
                0x080001a4                EXECUTE_LAB1_EX0
 .text.clearAllClock
                0x080001b8       0x3c ./Core/Src/LAB1_EX6.o
                0x080001b8                clearAllClock
 .text.GPIO_INIT_LAB1_EX6
                0x080001f4       0x74 ./Core/Src/LAB1_EX6.o
                0x080001f4                GPIO_INIT_LAB1_EX6
 .text.GPIO_INIT_LAB1_EX7
                0x08000268        0xc ./Core/Src/LAB1_EX6.o
                0x08000268                GPIO_INIT_LAB1_EX7
 .text.EXECUTE_LAB1_EX7
                0x08000274       0x60 ./Core/Src/LAB1_EX6.o
                0x08000274                EXECUTE_LAB1_EX7
 .text.main     0x080002d4       0x2c ./Core/Src/main.o
                0x080002d4                main
 .text.SystemClock_Config
                0x08000300       0x76 ./Core/Src/main.o
                0x08000300                SystemClock_Config
 *fill*         0x08000376        0x2 
 .text.MX_GPIO_Init
                0x08000378       0xa8 ./Core/Src/main.o
 .text.Error_Handler
                0x08000420        0xc ./Core/Src/main.o
                0x08000420                Error_Handler
 .text.HAL_MspInit
                0x0800042c       0x44 ./Core/Src/stm32f1xx_hal_msp.o
                0x0800042c                HAL_MspInit
 .text.NMI_Handler
                0x08000470        0x8 ./Core/Src/stm32f1xx_it.o
                0x08000470                NMI_Handler
 .text.HardFault_Handler
                0x08000478        0x8 ./Core/Src/stm32f1xx_it.o
                0x08000478                HardFault_Handler
 .text.MemManage_Handler
                0x08000480        0x8 ./Core/Src/stm32f1xx_it.o
                0x08000480                MemManage_Handler
 .text.BusFault_Handler
                0x08000488        0x8 ./Core/Src/stm32f1xx_it.o
                0x08000488                BusFault_Handler
 .text.UsageFault_Handler
                0x08000490        0x8 ./Core/Src/stm32f1xx_it.o
                0x08000490                UsageFault_Handler
 .text.SVC_Handler
                0x08000498        0xc ./Core/Src/stm32f1xx_it.o
                0x08000498                SVC_Handler
 .text.DebugMon_Handler
                0x080004a4        0xc ./Core/Src/stm32f1xx_it.o
                0x080004a4                DebugMon_Handler
 .text.PendSV_Handler
                0x080004b0        0xc ./Core/Src/stm32f1xx_it.o
                0x080004b0                PendSV_Handler
 .text.SysTick_Handler
                0x080004bc        0xc ./Core/Src/stm32f1xx_it.o
                0x080004bc                SysTick_Handler
 .text.SystemInit
                0x080004c8        0xc ./Core/Src/system_stm32f1xx.o
                0x080004c8                SystemInit
 .text.Reset_Handler
                0x080004d4       0x48 ./Core/Startup/startup_stm32f103c6ux.o
                0x080004d4                Reset_Handler
 .text.Default_Handler
                0x0800051c        0x2 ./Core/Startup/startup_stm32f103c6ux.o
                0x0800051c                RTC_Alarm_IRQHandler
                0x0800051c                EXTI2_IRQHandler
                0x0800051c                TIM1_CC_IRQHandler
                0x0800051c                PVD_IRQHandler
                0x0800051c                EXTI3_IRQHandler
                0x0800051c                EXTI0_IRQHandler
                0x0800051c                ADC1_2_IRQHandler
                0x0800051c                SPI1_IRQHandler
                0x0800051c                TAMPER_IRQHandler
                0x0800051c                DMA1_Channel4_IRQHandler
                0x0800051c                RTC_IRQHandler
                0x0800051c                DMA1_Channel7_IRQHandler
                0x0800051c                CAN1_RX1_IRQHandler
                0x0800051c                I2C1_EV_IRQHandler
                0x0800051c                DMA1_Channel6_IRQHandler
                0x0800051c                TIM3_IRQHandler
                0x0800051c                RCC_IRQHandler
                0x0800051c                TIM1_TRG_COM_IRQHandler
                0x0800051c                DMA1_Channel1_IRQHandler
                0x0800051c                Default_Handler
                0x0800051c                EXTI15_10_IRQHandler
                0x0800051c                EXTI9_5_IRQHandler
                0x0800051c                DMA1_Channel5_IRQHandler
                0x0800051c                EXTI4_IRQHandler
                0x0800051c                USB_LP_CAN1_RX0_IRQHandler
                0x0800051c                USB_HP_CAN1_TX_IRQHandler
                0x0800051c                DMA1_Channel3_IRQHandler
                0x0800051c                TIM1_UP_IRQHandler
                0x0800051c                WWDG_IRQHandler
                0x0800051c                TIM2_IRQHandler
                0x0800051c                TIM1_BRK_IRQHandler
                0x0800051c                EXTI1_IRQHandler
                0x0800051c                USART2_IRQHandler
                0x0800051c                DMA1_Channel2_IRQHandler
                0x0800051c                CAN1_SCE_IRQHandler
                0x0800051c                FLASH_IRQHandler
                0x0800051c                USART1_IRQHandler
                0x0800051c                I2C1_ER_IRQHandler
                0x0800051c                USBWakeUp_IRQHandler
 *fill*         0x0800051e        0x2 
 .text.HAL_Init
                0x08000520       0x2c ./Drivers/STM32F1xx_HAL_Driver/Src/stm32f1xx_hal.o
                0x08000520                HAL_Init
 .text.HAL_InitTick
                0x0800054c       0x60 ./Drivers/STM32F1xx_HAL_Driver/Src/stm32f1xx_hal.o
                0x0800054c                HAL_InitTick
 .text.HAL_IncTick
                0x080005ac       0x24 ./Drivers/STM32F1xx_HAL_Driver/Src/stm32f1xx_hal.o
                0x080005ac                HAL_IncTick
 .text.HAL_GetTick
                0x080005d0       0x14 ./Drivers/STM32F1xx_HAL_Driver/Src/stm32f1xx_hal.o
                0x080005d0                HAL_GetTick
 .text.HAL_Delay
                0x080005e4       0x48 ./Drivers/STM32F1xx_HAL_Driver/Src/stm32f1xx_hal.o
                0x080005e4                HAL_Delay
 .text.__NVIC_SetPriorityGrouping
                0x0800062c       0x48 ./Drivers/STM32F1xx_HAL_Driver/Src/stm32f1xx_hal_cortex.o
 .text.__NVIC_GetPriorityGrouping
                0x08000674       0x1c ./Drivers/STM32F1xx_HAL_Driver/Src/stm32f1xx_hal_cortex.o
 .text.__NVIC_SetPriority
                0x08000690       0x54 ./Drivers/STM32F1xx_HAL_Driver/Src/stm32f1xx_hal_cortex.o
 .text.NVIC_EncodePriority
                0x080006e4       0x64 ./Drivers/STM32F1xx_HAL_Driver/Src/stm32f1xx_hal_cortex.o
 .text.SysTick_Config
                0x08000748       0x44 ./Drivers/STM32F1xx_HAL_Driver/Src/stm32f1xx_hal_cortex.o
 .text.HAL_NVIC_SetPriorityGrouping
                0x0800078c       0x16 ./Drivers/STM32F1xx_HAL_Driver/Src/stm32f1xx_hal_cortex.o
                0x0800078c                HAL_NVIC_SetPriorityGrouping
 .text.HAL_NVIC_SetPriority
                0x080007a2       0x38 ./Drivers/STM32F1xx_HAL_Driver/Src/stm32f1xx_hal_cortex.o
                0x080007a2                HAL_NVIC_SetPriority
 .text.HAL_SYSTICK_Config
                0x080007da       0x18 ./Drivers/STM32F1xx_HAL_Driver/Src/stm32f1xx_hal_cortex.o
                0x080007da                HAL_SYSTICK_Config
 *fill*         0x080007f2        0x2 
 .text.HAL_GPIO_Init
                0x080007f4      0x2f8 ./Drivers/STM32F1xx_HAL_Driver/Src/stm32f1xx_hal_gpio.o
                0x080007f4                HAL_GPIO_Init
 .text.HAL_GPIO_WritePin
                0x08000aec       0x30 ./Drivers/STM32F1xx_HAL_Driver/Src/stm32f1xx_hal_gpio.o
                0x08000aec                HAL_GPIO_WritePin
 .text.HAL_GPIO_TogglePin
                0x08000b1c       0x32 ./Drivers/STM32F1xx_HAL_Driver/Src/stm32f1xx_hal_gpio.o
                0x08000b1c                HAL_GPIO_TogglePin
 *fill*         0x08000b4e        0x2 
 .text.HAL_RCC_OscConfig
                0x08000b50      0x504 ./Drivers/STM32F1xx_HAL_Driver/Src/stm32f1xx_hal_rcc.o
                0x08000b50                HAL_RCC_OscConfig
 .text.HAL_RCC_ClockConfig
                0x08001054      0x1d4 ./Drivers/STM32F1xx_HAL_Driver/Src/stm32f1xx_hal_rcc.o
                0x08001054                HAL_RCC_ClockConfig
 .text.HAL_RCC_GetSysClockFreq
                0x08001228       0xa8 ./Drivers/STM32F1xx_HAL_Driver/Src/stm32f1xx_hal_rcc.o
                0x08001228                HAL_RCC_GetSysClockFreq
 .text.RCC_Delay
                0x080012d0       0x3c ./Drivers/STM32F1xx_HAL_Driver/Src/stm32f1xx_hal_rcc.o
 .text.memset   0x0800130c       0x10 E:/ST/STM32CubeIDE_1.16.0/STM32CubeIDE/plugins/com.st.stm32cube.ide.mcu.externaltools.gnu-tools-for-stm32.12.3.rel1.win32_1.0.200.202406191623/tools/bin/../lib/gcc/arm-none-eabi/12.3.1/../../../../arm-none-eabi/lib/thumb/v7-m/nofp\libc_nano.a(libc_a-memset.o)
                0x0800130c                memset
 .text.__libc_init_array
                0x0800131c       0x48 E:/ST/STM32CubeIDE_1.16.0/STM32CubeIDE/plugins/com.st.stm32cube.ide.mcu.externaltools.gnu-tools-for-stm32.12.3.rel1.win32_1.0.200.202406191623/tools/bin/../lib/gcc/arm-none-eabi/12.3.1/../../../../arm-none-eabi/lib/thumb/v7-m/nofp\libc_nano.a(libc_a-init.o)
                0x0800131c                __libc_init_array
 *(.glue_7)
 .glue_7        0x08001364        0x0 linker stubs
 *(.glue_7t)
 .glue_7t       0x08001364        0x0 linker stubs
 *(.eh_frame)
 .eh_frame      0x08001364        0x0 E:/ST/STM32CubeIDE_1.16.0/STM32CubeIDE/plugins/com.st.stm32cube.ide.mcu.externaltools.gnu-tools-for-stm32.12.3.rel1.win32_1.0.200.202406191623/tools/bin/../lib/gcc/arm-none-eabi/12.3.1/thumb/v7-m/nofp/crtbegin.o
 *(.init)
 .init          0x08001364        0x4 E:/ST/STM32CubeIDE_1.16.0/STM32CubeIDE/plugins/com.st.stm32cube.ide.mcu.externaltools.gnu-tools-for-stm32.12.3.rel1.win32_1.0.200.202406191623/tools/bin/../lib/gcc/arm-none-eabi/12.3.1/thumb/v7-m/nofp/crti.o
                0x08001364                _init
 .init          0x08001368        0x8 E:/ST/STM32CubeIDE_1.16.0/STM32CubeIDE/plugins/com.st.stm32cube.ide.mcu.externaltools.gnu-tools-for-stm32.12.3.rel1.win32_1.0.200.202406191623/tools/bin/../lib/gcc/arm-none-eabi/12.3.1/thumb/v7-m/nofp/crtn.o
 *(.fini)
 .fini          0x08001370        0x4 E:/ST/STM32CubeIDE_1.16.0/STM32CubeIDE/plugins/com.st.stm32cube.ide.mcu.externaltools.gnu-tools-for-stm32.12.3.rel1.win32_1.0.200.202406191623/tools/bin/../lib/gcc/arm-none-eabi/12.3.1/thumb/v7-m/nofp/crti.o
                0x08001370                _fini
 .fini          0x08001374        0x8 E:/ST/STM32CubeIDE_1.16.0/STM32CubeIDE/plugins/com.st.stm32cube.ide.mcu.externaltools.gnu-tools-for-stm32.12.3.rel1.win32_1.0.200.202406191623/tools/bin/../lib/gcc/arm-none-eabi/12.3.1/thumb/v7-m/nofp/crtn.o
                0x0800137c                        . = ALIGN (0x4)
                0x0800137c                        _etext = .

.vfp11_veneer   0x0800137c        0x0
 .vfp11_veneer  0x0800137c        0x0 linker stubs

.v4_bx          0x0800137c        0x0
 .v4_bx         0x0800137c        0x0 linker stubs

.iplt           0x0800137c        0x0
 .iplt          0x0800137c        0x0 E:/ST/STM32CubeIDE_1.16.0/STM32CubeIDE/plugins/com.st.stm32cube.ide.mcu.externaltools.gnu-tools-for-stm32.12.3.rel1.win32_1.0.200.202406191623/tools/bin/../lib/gcc/arm-none-eabi/12.3.1/thumb/v7-m/nofp/crtbegin.o

.rodata         0x0800137c       0x24
                0x0800137c                        . = ALIGN (0x4)
 *(.rodata)
 *(.rodata*)
 .rodata.AHBPrescTable
                0x0800137c       0x10 ./Core/Src/system_stm32f1xx.o
                0x0800137c                AHBPrescTable
 .rodata.aPLLMULFactorTable.1
                0x0800138c       0x10 ./Drivers/STM32F1xx_HAL_Driver/Src/stm32f1xx_hal_rcc.o
 .rodata.aPredivFactorTable.0
                0x0800139c        0x2 ./Drivers/STM32F1xx_HAL_Driver/Src/stm32f1xx_hal_rcc.o
                0x080013a0                        . = ALIGN (0x4)
 *fill*         0x0800139e        0x2 

.ARM.extab      0x080013a0        0x0
                0x080013a0                        . = ALIGN (0x4)
 *(.ARM.extab* .gnu.linkonce.armextab.*)
                0x080013a0                        . = ALIGN (0x4)

.ARM            0x080013a0        0x0
                0x080013a0                        . = ALIGN (0x4)
                0x080013a0                        __exidx_start = .
 *(.ARM.exidx*)
                0x080013a0                        __exidx_end = .
                0x080013a0                        . = ALIGN (0x4)

.preinit_array  0x080013a0        0x0
                0x080013a0                        . = ALIGN (0x4)
                0x080013a0                        PROVIDE (__preinit_array_start = .)
 *(.preinit_array*)
                0x080013a0                        PROVIDE (__preinit_array_end = .)
                0x080013a0                        . = ALIGN (0x4)

.init_array     0x080013a0        0x4
                0x080013a0                        . = ALIGN (0x4)
                0x080013a0                        PROVIDE (__init_array_start = .)
 *(SORT_BY_NAME(.init_array.*))
 *(.init_array*)
 .init_array    0x080013a0        0x4 E:/ST/STM32CubeIDE_1.16.0/STM32CubeIDE/plugins/com.st.stm32cube.ide.mcu.externaltools.gnu-tools-for-stm32.12.3.rel1.win32_1.0.200.202406191623/tools/bin/../lib/gcc/arm-none-eabi/12.3.1/thumb/v7-m/nofp/crtbegin.o
                0x080013a4                        PROVIDE (__init_array_end = .)
                0x080013a4                        . = ALIGN (0x4)

.fini_array     0x080013a4        0x4
                0x080013a4                        . = ALIGN (0x4)
                [!provide]                        PROVIDE (__fini_array_start = .)
 *(SORT_BY_NAME(.fini_array.*))
 *(.fini_array*)
 .fini_array    0x080013a4        0x4 E:/ST/STM32CubeIDE_1.16.0/STM32CubeIDE/plugins/com.st.stm32cube.ide.mcu.externaltools.gnu-tools-for-stm32.12.3.rel1.win32_1.0.200.202406191623/tools/bin/../lib/gcc/arm-none-eabi/12.3.1/thumb/v7-m/nofp/crtbegin.o
                [!provide]                        PROVIDE (__fini_array_end = .)
                0x080013a8                        . = ALIGN (0x4)
                0x080013a8                        _sidata = LOADADDR (.data)

.rel.dyn        0x080013a8        0x0
 .rel.iplt      0x080013a8        0x0 E:/ST/STM32CubeIDE_1.16.0/STM32CubeIDE/plugins/com.st.stm32cube.ide.mcu.externaltools.gnu-tools-for-stm32.12.3.rel1.win32_1.0.200.202406191623/tools/bin/../lib/gcc/arm-none-eabi/12.3.1/thumb/v7-m/nofp/crtbegin.o

.data           0x20000000       0x24 load address 0x080013a8
                0x20000000                        . = ALIGN (0x4)
                0x20000000                        _sdata = .
 *(.data)
 *(.data*)
 .data.LED_PINS
                0x20000000       0x18 ./Core/Src/LAB1_EX6.o
                0x20000000                LED_PINS
 .data.SystemCoreClock
                0x20000018        0x4 ./Core/Src/system_stm32f1xx.o
                0x20000018                SystemCoreClock
 .data.uwTickPrio
                0x2000001c        0x4 ./Drivers/STM32F1xx_HAL_Driver/Src/stm32f1xx_hal.o
                0x2000001c                uwTickPrio
 .data.uwTickFreq
                0x20000020        0x1 ./Drivers/STM32F1xx_HAL_Driver/Src/stm32f1xx_hal.o
                0x20000020                uwTickFreq
 *(.RamFunc)
 *(.RamFunc*)
                0x20000024                        . = ALIGN (0x4)
 *fill*         0x20000021        0x3 
                0x20000024                        _edata = .

.igot.plt       0x20000024        0x0 load address 0x080013cc
 .igot.plt      0x20000024        0x0 E:/ST/STM32CubeIDE_1.16.0/STM32CubeIDE/plugins/com.st.stm32cube.ide.mcu.externaltools.gnu-tools-for-stm32.12.3.rel1.win32_1.0.200.202406191623/tools/bin/../lib/gcc/arm-none-eabi/12.3.1/thumb/v7-m/nofp/crtbegin.o
                0x20000024                        . = ALIGN (0x4)

.bss            0x20000024       0x24 load address 0x080013cc
                0x20000024                        _sbss = .
                0x20000024                        __bss_start__ = _sbss
 *(.bss)
 .bss           0x20000024       0x1c E:/ST/STM32CubeIDE_1.16.0/STM32CubeIDE/plugins/com.st.stm32cube.ide.mcu.externaltools.gnu-tools-for-stm32.12.3.rel1.win32_1.0.200.202406191623/tools/bin/../lib/gcc/arm-none-eabi/12.3.1/thumb/v7-m/nofp/crtbegin.o
 *(.bss*)
 .bss.hour      0x20000040        0x4 ./Core/Src/LAB1_EX6.o
                0x20000040                hour
 .bss.uwTick    0x20000044        0x4 ./Drivers/STM32F1xx_HAL_Driver/Src/stm32f1xx_hal.o
                0x20000044                uwTick
 *(COMMON)
                0x20000048                        . = ALIGN (0x4)
                0x20000048                        _ebss = .
                0x20000048                        __bss_end__ = _ebss

._user_heap_stack
                0x20000048      0x600 load address 0x080013cc
                0x20000048                        . = ALIGN (0x8)
                [!provide]                        PROVIDE (end = .)
                0x20000048                        PROVIDE (_end = .)
                0x20000248                        . = (. + _Min_Heap_Size)
 *fill*         0x20000048      0x200 
                0x20000648                        . = (. + _Min_Stack_Size)
 *fill*         0x20000248      0x400 
                0x20000648                        . = ALIGN (0x8)

/DISCARD/
 libc.a(*)
 libm.a(*)
 libgcc.a(*)

.ARM.attributes
                0x00000000       0x29
 *(.ARM.attributes)
 .ARM.attributes
                0x00000000       0x1d E:/ST/STM32CubeIDE_1.16.0/STM32CubeIDE/plugins/com.st.stm32cube.ide.mcu.externaltools.gnu-tools-for-stm32.12.3.rel1.win32_1.0.200.202406191623/tools/bin/../lib/gcc/arm-none-eabi/12.3.1/thumb/v7-m/nofp/crti.o
 .ARM.attributes
                0x0000001d       0x2d E:/ST/STM32CubeIDE_1.16.0/STM32CubeIDE/plugins/com.st.stm32cube.ide.mcu.externaltools.gnu-tools-for-stm32.12.3.rel1.win32_1.0.200.202406191623/tools/bin/../lib/gcc/arm-none-eabi/12.3.1/thumb/v7-m/nofp/crtbegin.o
 .ARM.attributes
                0x0000004a       0x2d ./Core/Src/LAB1_EX0.o
 .ARM.attributes
                0x00000077       0x2d ./Core/Src/LAB1_EX6.o
 .ARM.attributes
                0x000000a4       0x2d ./Core/Src/main.o
 .ARM.attributes
                0x000000d1       0x2d ./Core/Src/stm32f1xx_hal_msp.o
 .ARM.attributes
                0x000000fe       0x2d ./Core/Src/stm32f1xx_it.o
 .ARM.attributes
                0x0000012b       0x2d ./Core/Src/system_stm32f1xx.o
 .ARM.attributes
                0x00000158       0x21 ./Core/Startup/startup_stm32f103c6ux.o
 .ARM.attributes
                0x00000179       0x2d ./Drivers/STM32F1xx_HAL_Driver/Src/stm32f1xx_hal.o
 .ARM.attributes
                0x000001a6       0x2d ./Drivers/STM32F1xx_HAL_Driver/Src/stm32f1xx_hal_cortex.o
 .ARM.attributes
                0x000001d3       0x2d ./Drivers/STM32F1xx_HAL_Driver/Src/stm32f1xx_hal_gpio.o
 .ARM.attributes
                0x00000200       0x2d ./Drivers/STM32F1xx_HAL_Driver/Src/stm32f1xx_hal_rcc.o
 .ARM.attributes
                0x0000022d       0x2d E:/ST/STM32CubeIDE_1.16.0/STM32CubeIDE/plugins/com.st.stm32cube.ide.mcu.externaltools.gnu-tools-for-stm32.12.3.rel1.win32_1.0.200.202406191623/tools/bin/../lib/gcc/arm-none-eabi/12.3.1/../../../../arm-none-eabi/lib/thumb/v7-m/nofp\libc_nano.a(libc_a-memset.o)
 .ARM.attributes
                0x0000025a       0x2d E:/ST/STM32CubeIDE_1.16.0/STM32CubeIDE/plugins/com.st.stm32cube.ide.mcu.externaltools.gnu-tools-for-stm32.12.3.rel1.win32_1.0.200.202406191623/tools/bin/../lib/gcc/arm-none-eabi/12.3.1/../../../../arm-none-eabi/lib/thumb/v7-m/nofp\libc_nano.a(libc_a-init.o)
 .ARM.attributes
                0x00000287       0x1d E:/ST/STM32CubeIDE_1.16.0/STM32CubeIDE/plugins/com.st.stm32cube.ide.mcu.externaltools.gnu-tools-for-stm32.12.3.rel1.win32_1.0.200.202406191623/tools/bin/../lib/gcc/arm-none-eabi/12.3.1/thumb/v7-m/nofp/crtn.o
OUTPUT(LAB1.elf elf32-littlearm)
LOAD linker stubs
LOAD E:/ST/STM32CubeIDE_1.16.0/STM32CubeIDE/plugins/com.st.stm32cube.ide.mcu.externaltools.gnu-tools-for-stm32.12.3.rel1.win32_1.0.200.202406191623/tools/bin/../lib/gcc/arm-none-eabi/12.3.1/../../../../arm-none-eabi/lib/thumb/v7-m/nofp\libc.a
LOAD E:/ST/STM32CubeIDE_1.16.0/STM32CubeIDE/plugins/com.st.stm32cube.ide.mcu.externaltools.gnu-tools-for-stm32.12.3.rel1.win32_1.0.200.202406191623/tools/bin/../lib/gcc/arm-none-eabi/12.3.1/../../../../arm-none-eabi/lib/thumb/v7-m/nofp\libm.a
LOAD E:/ST/STM32CubeIDE_1.16.0/STM32CubeIDE/plugins/com.st.stm32cube.ide.mcu.externaltools.gnu-tools-for-stm32.12.3.rel1.win32_1.0.200.202406191623/tools/bin/../lib/gcc/arm-none-eabi/12.3.1/thumb/v7-m/nofp\libgcc.a

.debug_info     0x00000000     0x2ee0
 .debug_info    0x00000000      0x265 ./Core/Src/LAB1_EX0.o
 .debug_info    0x00000265      0x41f ./Core/Src/LAB1_EX6.o
 .debug_info    0x00000684      0x4bf ./Core/Src/main.o
 .debug_info    0x00000b43      0x169 ./Core/Src/stm32f1xx_hal_msp.o
 .debug_info    0x00000cac      0x113 ./Core/Src/stm32f1xx_it.o
 .debug_info    0x00000dbf      0x222 ./Core/Src/system_stm32f1xx.o
 .debug_info    0x00000fe1       0x30 ./Core/Startup/startup_stm32f103c6ux.o
 .debug_info    0x00001011      0x6e6 ./Drivers/STM32F1xx_HAL_Driver/Src/stm32f1xx_hal.o
 .debug_info    0x000016f7      0xa69 ./Drivers/STM32F1xx_HAL_Driver/Src/stm32f1xx_hal_cortex.o
 .debug_info    0x00002160      0x5ab ./Drivers/STM32F1xx_HAL_Driver/Src/stm32f1xx_hal_gpio.o
 .debug_info    0x0000270b      0x7d5 ./Drivers/STM32F1xx_HAL_Driver/Src/stm32f1xx_hal_rcc.o

.debug_abbrev   0x00000000     0x1147
 .debug_abbrev  0x00000000      0x131 ./Core/Src/LAB1_EX0.o
 .debug_abbrev  0x00000131      0x1f9 ./Core/Src/LAB1_EX6.o
 .debug_abbrev  0x0000032a      0x20b ./Core/Src/main.o
 .debug_abbrev  0x00000535       0xc6 ./Core/Src/stm32f1xx_hal_msp.o
 .debug_abbrev  0x000005fb       0x73 ./Core/Src/stm32f1xx_it.o
 .debug_abbrev  0x0000066e      0x13f ./Core/Src/system_stm32f1xx.o
 .debug_abbrev  0x000007ad       0x24 ./Core/Startup/startup_stm32f103c6ux.o
 .debug_abbrev  0x000007d1      0x201 ./Drivers/STM32F1xx_HAL_Driver/Src/stm32f1xx_hal.o
 .debug_abbrev  0x000009d2      0x2f8 ./Drivers/STM32F1xx_HAL_Driver/Src/stm32f1xx_hal_cortex.o
 .debug_abbrev  0x00000cca      0x1ca ./Drivers/STM32F1xx_HAL_Driver/Src/stm32f1xx_hal_gpio.o
 .debug_abbrev  0x00000e94      0x2b3 ./Drivers/STM32F1xx_HAL_Driver/Src/stm32f1xx_hal_rcc.o

.debug_aranges  0x00000000      0x458
 .debug_aranges
                0x00000000       0x28 ./Core/Src/LAB1_EX0.o
 .debug_aranges
                0x00000028       0x60 ./Core/Src/LAB1_EX6.o
 .debug_aranges
                0x00000088       0x38 ./Core/Src/main.o
 .debug_aranges
                0x000000c0       0x20 ./Core/Src/stm32f1xx_hal_msp.o
 .debug_aranges
                0x000000e0       0x60 ./Core/Src/stm32f1xx_it.o
 .debug_aranges
                0x00000140       0x28 ./Core/Src/system_stm32f1xx.o
 .debug_aranges
                0x00000168       0x28 ./Core/Startup/startup_stm32f103c6ux.o
 .debug_aranges
                0x00000190       0xe0 ./Drivers/STM32F1xx_HAL_Driver/Src/stm32f1xx_hal.o
 .debug_aranges
                0x00000270      0x100 ./Drivers/STM32F1xx_HAL_Driver/Src/stm32f1xx_hal_cortex.o
 .debug_aranges
                0x00000370       0x58 ./Drivers/STM32F1xx_HAL_Driver/Src/stm32f1xx_hal_gpio.o
 .debug_aranges
                0x000003c8       0x90 ./Drivers/STM32F1xx_HAL_Driver/Src/stm32f1xx_hal_rcc.o

.debug_rnglists
                0x00000000      0x316
 .debug_rnglists
                0x00000000       0x19 ./Core/Src/LAB1_EX0.o
 .debug_rnglists
                0x00000019       0x45 ./Core/Src/LAB1_EX6.o
 .debug_rnglists
                0x0000005e       0x26 ./Core/Src/main.o
 .debug_rnglists
                0x00000084       0x13 ./Core/Src/stm32f1xx_hal_msp.o
 .debug_rnglists
                0x00000097       0x43 ./Core/Src/stm32f1xx_it.o
 .debug_rnglists
                0x000000da       0x1a ./Core/Src/system_stm32f1xx.o
 .debug_rnglists
                0x000000f4       0x19 ./Core/Startup/startup_stm32f103c6ux.o
 .debug_rnglists
                0x0000010d       0xa3 ./Drivers/STM32F1xx_HAL_Driver/Src/stm32f1xx_hal.o
 .debug_rnglists
                0x000001b0       0xbb ./Drivers/STM32F1xx_HAL_Driver/Src/stm32f1xx_hal_cortex.o
 .debug_rnglists
                0x0000026b       0x3f ./Drivers/STM32F1xx_HAL_Driver/Src/stm32f1xx_hal_gpio.o
 .debug_rnglists
                0x000002aa       0x6c ./Drivers/STM32F1xx_HAL_Driver/Src/stm32f1xx_hal_rcc.o

.debug_macro    0x00000000    0x15a37
 .debug_macro   0x00000000      0x19b ./Core/Src/LAB1_EX0.o
 .debug_macro   0x0000019b      0xaa8 ./Core/Src/LAB1_EX0.o
 .debug_macro   0x00000c43      0x20f ./Core/Src/LAB1_EX0.o
 .debug_macro   0x00000e52       0x2e ./Core/Src/LAB1_EX0.o
 .debug_macro   0x00000e80       0x22 ./Core/Src/LAB1_EX0.o
 .debug_macro   0x00000ea2       0x22 ./Core/Src/LAB1_EX0.o
 .debug_macro   0x00000ec4       0x8e ./Core/Src/LAB1_EX0.o
 .debug_macro   0x00000f52       0x51 ./Core/Src/LAB1_EX0.o
 .debug_macro   0x00000fa3      0x103 ./Core/Src/LAB1_EX0.o
 .debug_macro   0x000010a6       0x6a ./Core/Src/LAB1_EX0.o
 .debug_macro   0x00001110      0x1df ./Core/Src/LAB1_EX0.o
 .debug_macro   0x000012ef       0x1c ./Core/Src/LAB1_EX0.o
 .debug_macro   0x0000130b       0x22 ./Core/Src/LAB1_EX0.o
 .debug_macro   0x0000132d       0xbd ./Core/Src/LAB1_EX0.o
 .debug_macro   0x000013ea      0xd23 ./Core/Src/LAB1_EX0.o
 .debug_macro   0x0000210d     0xde75 ./Core/Src/LAB1_EX0.o
 .debug_macro   0x0000ff82       0x6d ./Core/Src/LAB1_EX0.o
 .debug_macro   0x0000ffef     0x34a2 ./Core/Src/LAB1_EX0.o
 .debug_macro   0x00013491      0x189 ./Core/Src/LAB1_EX0.o
 .debug_macro   0x0001361a       0x5c ./Core/Src/LAB1_EX0.o
 .debug_macro   0x00013676      0x5bc ./Core/Src/LAB1_EX0.o
 .debug_macro   0x00013c32      0x1b7 ./Core/Src/LAB1_EX0.o
 .debug_macro   0x00013de9      0x1cb ./Core/Src/LAB1_EX0.o
 .debug_macro   0x00013fb4      0x114 ./Core/Src/LAB1_EX0.o
 .debug_macro   0x000140c8      0x1b2 ./Core/Src/LAB1_EX0.o
 .debug_macro   0x0001427a       0x27 ./Core/Src/LAB1_EX0.o
 .debug_macro   0x000142a1      0x12f ./Core/Src/LAB1_EX0.o
 .debug_macro   0x000143d0      0x1bc ./Core/Src/LAB1_EX0.o
 .debug_macro   0x0001458c       0x34 ./Core/Src/LAB1_EX0.o
 .debug_macro   0x000145c0       0x3c ./Core/Src/LAB1_EX0.o
 .debug_macro   0x000145fc       0x57 ./Core/Src/LAB1_EX0.o
 .debug_macro   0x00014653       0x87 ./Core/Src/LAB1_EX0.o
 .debug_macro   0x000146da      0x183 ./Core/Src/LAB1_EX0.o
 .debug_macro   0x0001485d      0x140 ./Core/Src/LAB1_EX0.o
 .debug_macro   0x0001499d       0x69 ./Core/Src/LAB1_EX0.o
 .debug_macro   0x00014a06       0xf4 ./Core/Src/LAB1_EX0.o
 .debug_macro   0x00014afa      0x1a0 ./Core/Src/LAB1_EX6.o
 .debug_macro   0x00014c9a       0x4c ./Core/Src/LAB1_EX6.o
 .debug_macro   0x00014ce6      0x1a8 ./Core/Src/main.o
 .debug_macro   0x00014e8e       0x52 ./Core/Src/main.o
 .debug_macro   0x00014ee0      0x191 ./Core/Src/stm32f1xx_hal_msp.o
 .debug_macro   0x00015071      0x19b ./Core/Src/stm32f1xx_it.o
 .debug_macro   0x0001520c      0x182 ./Core/Src/system_stm32f1xx.o
 .debug_macro   0x0001538e      0x1a6 ./Drivers/STM32F1xx_HAL_Driver/Src/stm32f1xx_hal.o
 .debug_macro   0x00015534      0x182 ./Drivers/STM32F1xx_HAL_Driver/Src/stm32f1xx_hal_cortex.o
 .debug_macro   0x000156b6      0x1ed ./Drivers/STM32F1xx_HAL_Driver/Src/stm32f1xx_hal_gpio.o
 .debug_macro   0x000158a3      0x194 ./Drivers/STM32F1xx_HAL_Driver/Src/stm32f1xx_hal_rcc.o

.debug_line     0x00000000     0x5929
 .debug_line    0x00000000      0x6e4 ./Core/Src/LAB1_EX0.o
 .debug_line    0x000006e4      0x8bc ./Core/Src/LAB1_EX6.o
 .debug_line    0x00000fa0      0x788 ./Core/Src/main.o
 .debug_line    0x00001728      0x6bc ./Core/Src/stm32f1xx_hal_msp.o
 .debug_line    0x00001de4      0x77e ./Core/Src/stm32f1xx_it.o
 .debug_line    0x00002562      0x73a ./Core/Src/system_stm32f1xx.o
 .debug_line    0x00002c9c       0x78 ./Core/Startup/startup_stm32f103c6ux.o
 .debug_line    0x00002d14      0x967 ./Drivers/STM32F1xx_HAL_Driver/Src/stm32f1xx_hal.o
 .debug_line    0x0000367b      0xb53 ./Drivers/STM32F1xx_HAL_Driver/Src/stm32f1xx_hal_cortex.o
 .debug_line    0x000041ce      0x9eb ./Drivers/STM32F1xx_HAL_Driver/Src/stm32f1xx_hal_gpio.o
 .debug_line    0x00004bb9      0xd70 ./Drivers/STM32F1xx_HAL_Driver/Src/stm32f1xx_hal_rcc.o

.debug_str      0x00000000    0x79dd3
 .debug_str     0x00000000    0x78a8d ./Core/Src/LAB1_EX0.o
                              0x78db9 (size before relaxing)
 .debug_str     0x00078a8d      0x1ee ./Core/Src/LAB1_EX6.o
                              0x78f52 (size before relaxing)
 .debug_str     0x00078c7b      0x1d5 ./Core/Src/main.o
                              0x7909d (size before relaxing)
 .debug_str     0x00078e50       0x2c ./Core/Src/stm32f1xx_hal_msp.o
                              0x78d21 (size before relaxing)
 .debug_str     0x00078e7c       0xc9 ./Core/Src/stm32f1xx_it.o
                              0x78d64 (size before relaxing)
 .debug_str     0x00078f45       0x88 ./Core/Src/system_stm32f1xx.o
                              0x789ea (size before relaxing)
 .debug_str     0x00078fcd       0x44 ./Core/Startup/startup_stm32f103c6ux.o
                                 0x6f (size before relaxing)
 .debug_str     0x00079011      0x5cd ./Drivers/STM32F1xx_HAL_Driver/Src/stm32f1xx_hal.o
                              0x790e3 (size before relaxing)
 .debug_str     0x000795de      0x2c5 ./Drivers/STM32F1xx_HAL_Driver/Src/stm32f1xx_hal_cortex.o
                              0x7902f (size before relaxing)
 .debug_str     0x000798a3      0x307 ./Drivers/STM32F1xx_HAL_Driver/Src/stm32f1xx_hal_gpio.o
                              0x78d70 (size before relaxing)
 .debug_str     0x00079baa      0x229 ./Drivers/STM32F1xx_HAL_Driver/Src/stm32f1xx_hal_rcc.o
                              0x78e19 (size before relaxing)

.comment        0x00000000       0x43
 .comment       0x00000000       0x43 ./Core/Src/LAB1_EX0.o
                                 0x44 (size before relaxing)
 .comment       0x00000043       0x44 ./Core/Src/LAB1_EX6.o
 .comment       0x00000043       0x44 ./Core/Src/main.o
 .comment       0x00000043       0x44 ./Core/Src/stm32f1xx_hal_msp.o
 .comment       0x00000043       0x44 ./Core/Src/stm32f1xx_it.o
 .comment       0x00000043       0x44 ./Core/Src/system_stm32f1xx.o
 .comment       0x00000043       0x44 ./Drivers/STM32F1xx_HAL_Driver/Src/stm32f1xx_hal.o
 .comment       0x00000043       0x44 ./Drivers/STM32F1xx_HAL_Driver/Src/stm32f1xx_hal_cortex.o
 .comment       0x00000043       0x44 ./Drivers/STM32F1xx_HAL_Driver/Src/stm32f1xx_hal_gpio.o
 .comment       0x00000043       0x44 ./Drivers/STM32F1xx_HAL_Driver/Src/stm32f1xx_hal_rcc.o

.debug_frame    0x00000000      0xeb0
 .debug_frame   0x00000000       0x50 ./Core/Src/LAB1_EX0.o
 .debug_frame   0x00000050      0x134 ./Core/Src/LAB1_EX6.o
 .debug_frame   0x00000184       0x8c ./Core/Src/main.o
 .debug_frame   0x00000210       0x38 ./Core/Src/stm32f1xx_hal_msp.o
 .debug_frame   0x00000248      0x104 ./Core/Src/stm32f1xx_it.o
 .debug_frame   0x0000034c       0x58 ./Core/Src/system_stm32f1xx.o
 .debug_frame   0x000003a4      0x334 ./Drivers/STM32F1xx_HAL_Driver/Src/stm32f1xx_hal.o
 .debug_frame   0x000006d8      0x428 ./Drivers/STM32F1xx_HAL_Driver/Src/stm32f1xx_hal_cortex.o
 .debug_frame   0x00000b00      0x14c ./Drivers/STM32F1xx_HAL_Driver/Src/stm32f1xx_hal_gpio.o
 .debug_frame   0x00000c4c      0x218 ./Drivers/STM32F1xx_HAL_Driver/Src/stm32f1xx_hal_rcc.o
 .debug_frame   0x00000e64       0x20 E:/ST/STM32CubeIDE_1.16.0/STM32CubeIDE/plugins/com.st.stm32cube.ide.mcu.externaltools.gnu-tools-for-stm32.12.3.rel1.win32_1.0.200.202406191623/tools/bin/../lib/gcc/arm-none-eabi/12.3.1/../../../../arm-none-eabi/lib/thumb/v7-m/nofp\libc_nano.a(libc_a-memset.o)
 .debug_frame   0x00000e84       0x2c E:/ST/STM32CubeIDE_1.16.0/STM32CubeIDE/plugins/com.st.stm32cube.ide.mcu.externaltools.gnu-tools-for-stm32.12.3.rel1.win32_1.0.200.202406191623/tools/bin/../lib/gcc/arm-none-eabi/12.3.1/../../../../arm-none-eabi/lib/thumb/v7-m/nofp\libc_nano.a(libc_a-init.o)

.debug_line_str
                0x00000000       0x53
 .debug_line_str
                0x00000000       0x53 ./Core/Startup/startup_stm32f103c6ux.o
